2026-10-07 13:41:20,557 INFO Selected source layer indices=[0, 1, 2, 3, 4, 5, 6, 7, 8, 9, 10, 11, 12, 13, 14, 15, 16]
2026-10-07 13:41:20,558 INFO Input level=0 shape=(depth=17, height=640, width=640) chunks=(128, 128) patch=128 stride=42 requested_overlap=0.500 blend_mode=hann tta_mirror=False
2026-10-07 13:41:20,558 INFO No mask supplied; using the entire Zarr
2026-10-07 13:41:20,561 WARNING Requested occupancy scan level 3 was not found; using level 0 instead
2026-10-07 13:41:20,608 INFO Using occupancy scan level=0 shape=(640, 640) scale=(1, 1) nonempty_coverage=87.891%
2026-10-07 13:41:20,609 INFO Selected 196 patches for inference
2026-10-07 13:42:37,377 INFO Selected source layer indices=[16, 15, 14, 13, 12, 11, 10, 9, 8, 7, 6, 5, 4, 3, 2, 1, 0]
2026-10-07 13:42:37,377 INFO Input level=0 shape=(depth=17, height=640, width=640) chunks=(128, 128) patch=128 stride=42 requested_overlap=0.500 blend_mode=hann tta_mirror=False
2026-10-07 13:42:37,378 INFO No mask supplied; using the entire Zarr
2026-10-07 13:42:37,381 WARNING Requested occupancy scan level 3 was not found; using level 0 instead
2026-10-07 13:42:37,421 INFO Using occupancy scan level=0 shape=(640, 640) scale=(1, 1) nonempty_coverage=87.891%
2026-10-07 13:42:37,422 INFO Selected 196 patches for inference
2026-10-07 13:43:48,478 INFO Selected source layer indices=[0, 1, 2, 3, 4, 5, 6, 7, 8, 9, 10, 11, 12, 13, 14, 15, 16]
2026-10-07 13:43:48,479 INFO Input level=0 shape=(depth=17, height=640, width=640) chunks=(128, 128) patch=128 stride=42 requested_overlap=0.500 blend_mode=hann tta_mirror=False
2026-10-07 13:43:48,479 INFO No mask supplied; using the entire Zarr
2026-10-07 13:43:48,482 WARNING Requested occupancy scan level 3 was not found; using level 0 instead
2026-10-07 13:43:48,501 INFO Using occupancy scan level=0 shape=(640, 640) scale=(1, 1) nonempty_coverage=87.891%
2026-10-07 13:43:48,502 INFO Selected 196 patches for inference
Using dimensionality (2D) from ConfigManager
Using 2D convolutions (nn.Conv2d)
Using 2D normalization (nn.InstanceNorm2d)
--- Full autoconfiguration from config ---
Patch size adjusted from (128, 128) to (128, 128) to ensure divisibility by pooling factors [32 32]
Task 'ink' configured with shared decoder + head (1 channels)
NetworkFromConfig initialized with final configuration:
  model_name: ink_det
  basic_encoder_block: BasicBlockD
  basic_decoder_block: ConvBlock
  bottleneck_block: BasicBlockD
  features_per_stage: [32, 64, 128, 256, 320, 320]
  num_stages: 6
  n_blocks_per_stage: [1, 3, 4, 6, 6, 6]
  n_conv_per_stage_decoder: [1, 1, 1, 1, 1]
  kernel_sizes: [[3, 3], [3, 3], [3, 3], [3, 3], [3, 3], [3, 3]]
  pool_op_kernel_sizes: [[1, 1], [2, 2], [2, 2], [2, 2], [2, 2], [2, 2]]
  conv_op: Conv2d
  conv_bias: True
  norm_op: InstanceNorm2d
  norm_op_kwargs: {'affine': True, 'eps': 1e-05}
  dropout_op: None
  dropout_op_kwargs: None
  nonlin: LeakyReLU
  nonlin_kwargs: {'inplace': True, 'negative_slope': 0.01}
  strides: [[1, 1], [2, 2], [2, 2], [2, 2], [2, 2], [2, 2]]
  return_skips: True
  do_stem: True
  stem_channels: 32
  bottleneck_channels: None
  stochastic_depth_p: 0.0
  squeeze_excitation: False
  squeeze_excitation_reduction_ratio: 0.0625
  squeeze_excitation_type: channel
  squeeze_excitation_add_maxpool: False
  pool_type: conv
  upsample_mode: transpconv
  op_dims: 2
  patch_size: (128, 128)
  batch_size: 64
  in_channels: 32
  autoconfigure: True
  targets: {'ink': {'activation': 'none', 'out_channels': 1, 'z_projection_mode': 'none'}}
  target_z_projection: {}
  separate_decoders: False
  num_pool_per_axis: [5, 5]
  must_be_divisible_by: [32 32]
  guide_backbone: None
  guide_backbone_config_path: None
  guide_freeze: True
  guide_patch_grid: None
  guide_stage_keys: None
  guide_skip_concat_projector_channels: None
  guide_feature_gate_alpha: None
  guide_tokenbook_tokens: None
  guide_tokenbook_prototype_weighting: mean
  guide_tokenbook_weight_mlp_hidden: None
  guide_compile_policy: off
  guide_fusion_stage: None
/workspace/scrolls-env/supervised-surfacefix/reader-baseline/inference_manifest.json
