[2026-10-07 09:47:58,406] INFO Loaded model weights from checkpoints/ink_9um/hybrid_3d2d-seed42/step-075000.pth (missing_keys=0 unexpected_keys=0)
[2026-10-07 09:47:58,414] INFO Selected source layer indices=[6, 7, 8, 9, 10, 11, 12, 13, 14, 15, 16, 17, 18, 19, 20, 21, 22]
[2026-10-07 09:47:58,414] INFO Input level=0 shape=(depth=28, height=640, width=640) chunks=(128, 128) patch=128 stride=64 requested_overlap=0.500 blend_mode=hann tta_mirror=False
[2026-10-07 09:47:58,414] INFO No mask supplied; using the entire Zarr
[2026-10-07 09:47:58,415] WARNING Requested occupancy scan level 3 was not found; using level 0 instead
[2026-10-07 09:47:58,430] INFO Using occupancy scan level=0 shape=(640, 640) scale=(1, 1) nonempty_coverage=100.000%
[2026-10-07 09:47:58,431] INFO Selected 81 patches for inference
Using dimensionality (2D) from ConfigManager
Using 2D convolutions (nn.Conv2d)
Using 2D normalization (nn.InstanceNorm2d)
--- Full autoconfiguration from config ---
Patch size adjusted from (128, 128) to (128, 128) to ensure divisibility by pooling factors [32 32]
Task 'ink' configured with shared decoder + head (1 channels)
NetworkFromConfig initialized with final configuration:
  model_name: ink_det
  basic_encoder_block: BasicBlockD
  basic_decoder_block: ConvBlock
  bottleneck_block: BasicBlockD
  features_per_stage: [32, 64, 128, 256, 320, 320]
  num_stages: 6
  n_blocks_per_stage: [1, 3, 4, 6, 6, 6]
  n_conv_per_stage_decoder: [1, 1, 1, 1, 1]
  kernel_sizes: [[3, 3], [3, 3], [3, 3], [3, 3], [3, 3], [3, 3]]
  pool_op_kernel_sizes: [[1, 1], [2, 2], [2, 2], [2, 2], [2, 2], [2, 2]]
  conv_op: Conv2d
  conv_bias: True
  norm_op: InstanceNorm2d
  norm_op_kwargs: {'affine': True, 'eps': 1e-05}
  dropout_op: None
  dropout_op_kwargs: None
  nonlin: LeakyReLU
  nonlin_kwargs: {'inplace': True, 'negative_slope': 0.01}
  strides: [[1, 1], [2, 2], [2, 2], [2, 2], [2, 2], [2, 2]]
  return_skips: True
  do_stem: True
  stem_channels: 32
  bottleneck_channels: None
  stochastic_depth_p: 0.0
  squeeze_excitation: False
  squeeze_excitation_reduction_ratio: 0.0625
  squeeze_excitation_type: channel
  squeeze_excitation_add_maxpool: False
  pool_type: conv
  upsample_mode: transpconv
  op_dims: 2
  patch_size: (128, 128)
  batch_size: 64
  in_channels: 32
  autoconfigure: True
  targets: {'ink': {'activation': 'none', 'out_channels': 1, 'z_projection_mode': 'none'}}
  target_z_projection: {}
  separate_decoders: False
  num_pool_per_axis: [5, 5]
  must_be_divisible_by: [32 32]
  guide_backbone: None
  guide_backbone_config_path: None
  guide_freeze: True
  guide_patch_grid: None
  guide_stage_keys: None
  guide_skip_concat_projector_channels: None
  guide_feature_gate_alpha: None
  guide_tokenbook_tokens: None
  guide_tokenbook_prototype_weighting: mean
  guide_tokenbook_weight_mlp_hidden: None
  guide_compile_policy: off
  guide_fusion_stage: None
real 38.27
user 35.28
sys 5.95
