#### 0841-w00 start 2026-10-07T11:07:32Z
0841-w00 ink9um_s42 75 s
0841-w00 d9v2 62 s
perm [0, 25, 2, 9, 3, 15, 16, 19, 26, 6, 7, 8, 21, 13, 24, 10, 11, 20, 17, 22, 4, 5, 18, 1, 27, 14, 12, 23]
0841-w00_soup42.tif 59 s
0841-w00_s42_z0-20.tif 58 s
0841-w00_s42_z3-23.tif 59 s
0841-w00_s42_z5-25.tif 59 s
0841-w00_s42_z8-27.tif 59 s
0841-w00_s42_shuf.tif 23 s
0841-w00_soup42_z0-20.tif 60 s
0841-w00_soup42_z3-23.tif 60 s
0841-w00_soup42_z5-25.tif 60 s
0841-w00_soup42_z8-27.tif 61 s
0841-w00_soup42_shuf.tif 22 s
0841-w00_d9v2_z0-20.tif 59 s
0841-w00_d9v2_z3-23.tif 60 s
#### restart with reduced scope 2026-10-07T11:21:50Z
#### 0841-w00 start 2026-10-07T11:21:50Z
0841-w00_d9v2_z5-25.tif 61 s
0841-w00_d9v2_z8-27.tif 62 s
0841-w00_d9v2_shuf.tif 24 s
0841-w00_d9v2_tta.tif 121 s
ALL DONE
0841-w00_rv2.tif 63 s
0841-w00_rv2_shuf.tif 25 s
ALL DONE
| s42 | 0.8061 (0.536) hp +0.029/+0.007 |  |
| s42_z0-20 | 0.6855 (0.455) hp +0.012/+0.005 |  |
| s42_z3-23 | 0.8014 (0.477) hp +0.032/+0.009 |  |
| s42_z5-25 | 0.8354 (0.634) hp +0.026/+0.006 |  |
| s42_z8-27 | 0.8467 (0.600) hp +0.014/-0.001 |  |
| s42_zmean | 0.8427 (0.546) hp +0.030/+0.007 |  |
| s42_shuf | 0.4996 () hp -0.011/ |  |
| soup42 | 0.8326 (0.504) hp +0.032/+0.000 |  |
| soup42_z0-20 | 0.6747 (0.466) hp +0.032/-0.003 |  |
| soup42_z3-23 | 0.8164 (0.491) hp +0.034/+0.006 |  |
| soup42_z5-25 | 0.8581 (0.534) hp +0.023/+0.006 |  |
| soup42_z8-27 | 0.8417 (0.498) hp +0.012/-0.002 |  |
| soup42_zmean | 0.8465 (0.499) hp +0.035/+0.003 |  |
| soup42_shuf | 0.4807 () hp -0.009/ |  |
| d9v2 | 0.8994 (0.586) hp +0.015/-0.003 |  |
| d9v2_z0-20 | 0.8053 (0.580) hp +0.016/-0.003 |  |
| d9v2_z3-23 | 0.8888 (0.560) hp +0.019/-0.009 |  |
| d9v2_z5-25 | 0.9065 (0.585) hp +0.015/-0.000 |  |
| d9v2_z8-27 | 0.9280 (0.632) hp +0.008/+0.004 |  |
| d9v2_zmean | 0.9198 (0.615) hp +0.019/-0.003 |  |
| d9v2_shuf | 0.4906 () hp +0.002/ |  |
| rv2 | 0.9269 (0.729) hp +0.048/+0.004 |  |
| rv2_z0-20 |  |  |
| rv2_z3-23 |  |  |
| rv2_z5-25 |  |  |
| rv2_z8-27 |  |  |
| rv2_zmean |  |  |
| rv2_shuf | 0.5681 () hp +0.002/ |  |
| s42_tta |  |  |
| d9v2_tta | 0.9202 (0.571) hp +0.021/-0.001 |  |
| d9v2+s42_mean | 0.8677 (0.557) hp +0.029/+0.004 |  |
| d9v2+s42_rank | 0.8750 (0.576) hp +0.013/-0.003 |  |
| d9v2+rv2_mean | 0.9277 (0.677) hp +0.039/-0.001 |  |
| d9v2+rv2_rank | 0.9260 (0.680) hp +0.016/-0.002 |  |
scored 0841-w00
Forward AUC (reversed AUC in brackets) / `hp_r` (letter-scale r). Shuffle rows are forward only. Mean: over the three PHerc0841 crops, forward AUC / `hp_r`.

| Map | 0841 w00 | 0841 ag896 | 0841 ag405 | w045 | Mean 0841 AUC / hp_r |
| --- | --- | --- | --- | --- | --- |
| s42 | 0.8061 (0.536) / +0.029 |  |  |  |  |
| s42_z0-20 | 0.6855 (0.455) / +0.012 |  |  |  |  |
| s42_z3-23 | 0.8014 (0.477) / +0.032 |  |  |  |  |
| s42_z5-25 | 0.8354 (0.634) / +0.026 |  |  |  |  |
| s42_z8-27 | 0.8467 (0.600) / +0.014 |  |  |  |  |
| s42_zmean | 0.8427 (0.546) / +0.030 |  |  |  |  |
| s42_shuf | 0.4996 / -0.011 |  |  |  |  |
| soup42 | 0.8326 (0.504) / +0.032 |  |  |  |  |
| soup42_z0-20 | 0.6747 (0.466) / +0.032 |  |  |  |  |
| soup42_z3-23 | 0.8164 (0.491) / +0.034 |  |  |  |  |
| soup42_z5-25 | 0.8581 (0.534) / +0.023 |  |  |  |  |
| soup42_z8-27 | 0.8417 (0.498) / +0.012 |  |  |  |  |
| soup42_zmean | 0.8465 (0.499) / +0.035 |  |  |  |  |
| soup42_shuf | 0.4807 / -0.009 |  |  |  |  |
| d9v2 | 0.8994 (0.586) / +0.015 |  |  |  |  |
| d9v2_z0-20 | 0.8053 (0.580) / +0.016 |  |  |  |  |
| d9v2_z3-23 | 0.8888 (0.560) / +0.019 |  |  |  |  |
| d9v2_z5-25 | 0.9065 (0.585) / +0.015 |  |  |  |  |
| d9v2_z8-27 | 0.9280 (0.632) / +0.008 |  |  |  |  |
| d9v2_zmean | 0.9198 (0.615) / +0.019 |  |  |  |  |
| d9v2_shuf | 0.4906 / +0.002 |  |  |  |  |
| rv2 | 0.9269 (0.729) / +0.048 |  |  |  |  |
| rv2_z0-20 |  |  |  |  |  |
| rv2_z3-23 |  |  |  |  |  |
| rv2_z5-25 |  |  |  |  |  |
| rv2_z8-27 |  |  |  |  |  |
| rv2_zmean |  |  |  |  |  |
| rv2_shuf | 0.5681 / +0.002 |  |  |  |  |
| s42_tta |  |  |  |  |  |
| d9v2_tta | 0.9202 (0.571) / +0.021 |  |  |  |  |
| d9v2+s42_mean | 0.8677 (0.557) / +0.029 |  |  |  |  |
| d9v2+s42_rank | 0.8750 (0.576) / +0.013 |  |  |  |  |
| d9v2+rv2_mean | 0.9277 (0.677) / +0.039 |  |  |  |  |
| d9v2+rv2_rank | 0.9260 (0.680) / +0.016 |  |  |  |  |

Lead (d): default window, 4-window mean, best single window chosen with the labels (by AUC, and by `hp_r`). AUC / hp_r.

| Reader | Crop | Default | 4-window mean | Best window by AUC | Best window by hp_r | Mean - default (AUC, hp_r) | Mean - best (AUC, hp_r) |
| --- | --- | --- | --- | --- | --- | --- | --- |
| ink_9um seed 42 | 0841-w00 | 0.8061 / +0.029 | 0.8427 / +0.030 | z8-27 0.8467 | z3-23 +0.032 | +0.0366, +0.001 | -0.0040, -0.002 |
| ink_9um soup42_last4 | 0841-w00 | 0.8326 / +0.032 | 0.8465 / +0.035 | z5-25 0.8581 | z3-23 +0.034 | +0.0139, +0.003 | -0.0116, +0.001 |
| d9v2 | 0841-w00 | 0.8994 / +0.015 | 0.9198 / +0.019 | z8-27 0.9280 | z3-23 +0.019 | +0.0204, +0.003 | -0.0082, -0.000 |

Over 3 reader-crop cases on PHerc0841: default 0.8460 / +0.0256; 4-window mean 0.8697 / +0.0280; best window by AUC 0.8776; best window by hp_r +0.0284. hp_r: mean above default in 3 of 3, at or above the best window in 1 of 3.
#### 0841-w00 done 2026-10-07T11:27:56Z
#### 0841-ag896 start 2026-10-07T11:27:56Z
0841-ag896 ink9um_s42 63 s
0841-ag896 d9v2 62 s
perm [0, 25, 2, 9, 3, 15, 16, 19, 26, 6, 7, 8, 21, 13, 24, 10, 11, 20, 17, 22, 4, 5, 18, 1, 27, 14, 12, 23]
0841-ag896_soup42.tif 62 s
0841-ag896_s42_z0-20.tif 61 s
0841-ag896_s42_z3-23.tif 60 s
0841-ag896_s42_z5-25.tif 60 s
0841-ag896_s42_z8-27.tif 59 s
0841-ag896_s42_shuf.tif 23 s
0841-ag896_soup42_z0-20.tif 60 s
0841-ag896_soup42_z3-23.tif 62 s
0841-ag896_soup42_z5-25.tif 63 s
0841-ag896_soup42_z8-27.tif 61 s
0841-ag896_soup42_shuf.tif 24 s
0841-ag896_d9v2_z0-20.tif 61 s
0841-ag896_d9v2_z3-23.tif 62 s
0841-ag896_d9v2_z5-25.tif 63 s
0841-ag896_d9v2_z8-27.tif 63 s
0841-ag896_d9v2_shuf.tif 25 s
0841-ag896_d9v2_tta.tif 125 s
ALL DONE
0841-ag896_rv2.tif 64 s
0841-ag896_rv2_shuf.tif 26 s
ALL DONE
| s42 | 0.6594 (0.558) hp -0.004/+0.002 |  |
| s42_z0-20 | 0.7435 (0.565) hp +0.008/-0.001 |  |
| s42_z3-23 | 0.6563 (0.600) hp +0.002/+0.008 |  |
| s42_z5-25 | 0.6425 (0.560) hp -0.014/-0.002 |  |
| s42_z8-27 | 0.6949 (0.549) hp -0.008/-0.007 |  |
| s42_zmean | 0.7221 (0.574) hp -0.004/-0.001 |  |
| s42_shuf | 0.5578 () hp +0.007/ |  |
| soup42 | 0.6723 (0.556) hp +0.000/+0.006 |  |
| soup42_z0-20 | 0.7397 (0.515) hp +0.029/-0.001 |  |
| soup42_z3-23 | 0.6609 (0.604) hp +0.006/-0.001 |  |
| soup42_z5-25 | 0.6737 (0.556) hp -0.009/-0.000 |  |
| soup42_z8-27 | 0.7335 (0.540) hp -0.016/-0.005 |  |
| soup42_zmean | 0.7564 (0.562) hp +0.004/-0.003 |  |
| soup42_shuf | 0.5026 () hp +0.004/ |  |
| d9v2 | 0.8230 (0.532) hp +0.017/+0.005 |  |
| d9v2_z0-20 | 0.7949 (0.522) hp +0.014/+0.014 |  |
| d9v2_z3-23 | 0.8228 (0.581) hp +0.021/+0.007 |  |
| d9v2_z5-25 | 0.8447 (0.533) hp +0.012/+0.005 |  |
| d9v2_z8-27 | 0.8243 (0.545) hp +0.006/+0.006 |  |
| d9v2_zmean | 0.8317 (0.551) hp +0.017/+0.010 |  |
| d9v2_shuf | 0.4762 () hp -0.002/ |  |
| rv2 | 0.7972 (0.599) hp +0.025/+0.003 |  |
| rv2_z0-20 |  |  |
| rv2_z3-23 |  |  |
| rv2_z5-25 |  |  |
| rv2_z8-27 |  |  |
| rv2_zmean |  |  |
| rv2_shuf | 0.6170 () hp +0.006/ |  |
| s42_tta |  |  |
| d9v2_tta | 0.8131 (0.549) hp +0.018/+0.009 |  |
| d9v2+s42_mean | 0.7667 (0.576) hp +0.006/+0.004 |  |
| d9v2+s42_rank | 0.7733 (0.554) hp +0.001/+0.004 |  |
| d9v2+rv2_mean | 0.8164 (0.576) hp +0.026/+0.006 |  |
| d9v2+rv2_rank | 0.8150 (0.575) hp +0.005/+0.007 |  |
scored 0841-ag896
Forward AUC (reversed AUC in brackets) / `hp_r` (letter-scale r). Shuffle rows are forward only. Mean: over the three PHerc0841 crops, forward AUC / `hp_r`.

| Map | 0841 w00 | 0841 ag896 | 0841 ag405 | w045 | Mean 0841 AUC / hp_r |
| --- | --- | --- | --- | --- | --- |
| s42 | 0.8061 (0.536) / +0.029 | 0.6594 (0.558) / -0.004 |  |  |  |
| s42_z0-20 | 0.6855 (0.455) / +0.012 | 0.7435 (0.565) / +0.008 |  |  |  |
| s42_z3-23 | 0.8014 (0.477) / +0.032 | 0.6563 (0.600) / +0.002 |  |  |  |
| s42_z5-25 | 0.8354 (0.634) / +0.026 | 0.6425 (0.560) / -0.014 |  |  |  |
| s42_z8-27 | 0.8467 (0.600) / +0.014 | 0.6949 (0.549) / -0.008 |  |  |  |
| s42_zmean | 0.8427 (0.546) / +0.030 | 0.7221 (0.574) / -0.004 |  |  |  |
| s42_shuf | 0.4996 / -0.011 | 0.5578 / +0.007 |  |  |  |
| soup42 | 0.8326 (0.504) / +0.032 | 0.6723 (0.556) / +0.000 |  |  |  |
| soup42_z0-20 | 0.6747 (0.466) / +0.032 | 0.7397 (0.515) / +0.029 |  |  |  |
| soup42_z3-23 | 0.8164 (0.491) / +0.034 | 0.6609 (0.604) / +0.006 |  |  |  |
| soup42_z5-25 | 0.8581 (0.534) / +0.023 | 0.6737 (0.556) / -0.009 |  |  |  |
| soup42_z8-27 | 0.8417 (0.498) / +0.012 | 0.7335 (0.540) / -0.016 |  |  |  |
| soup42_zmean | 0.8465 (0.499) / +0.035 | 0.7564 (0.562) / +0.004 |  |  |  |
| soup42_shuf | 0.4807 / -0.009 | 0.5026 / +0.004 |  |  |  |
| d9v2 | 0.8994 (0.586) / +0.015 | 0.8230 (0.532) / +0.017 |  |  |  |
| d9v2_z0-20 | 0.8053 (0.580) / +0.016 | 0.7949 (0.522) / +0.014 |  |  |  |
| d9v2_z3-23 | 0.8888 (0.560) / +0.019 | 0.8228 (0.581) / +0.021 |  |  |  |
| d9v2_z5-25 | 0.9065 (0.585) / +0.015 | 0.8447 (0.533) / +0.012 |  |  |  |
| d9v2_z8-27 | 0.9280 (0.632) / +0.008 | 0.8243 (0.545) / +0.006 |  |  |  |
| d9v2_zmean | 0.9198 (0.615) / +0.019 | 0.8317 (0.551) / +0.017 |  |  |  |
| d9v2_shuf | 0.4906 / +0.002 | 0.4762 / -0.002 |  |  |  |
| rv2 | 0.9269 (0.729) / +0.048 | 0.7972 (0.599) / +0.025 |  |  |  |
| rv2_z0-20 |  |  |  |  |  |
| rv2_z3-23 |  |  |  |  |  |
| rv2_z5-25 |  |  |  |  |  |
| rv2_z8-27 |  |  |  |  |  |
| rv2_zmean |  |  |  |  |  |
| rv2_shuf | 0.5681 / +0.002 | 0.6170 / +0.006 |  |  |  |
| s42_tta |  |  |  |  |  |
| d9v2_tta | 0.9202 (0.571) / +0.021 | 0.8131 (0.549) / +0.018 |  |  |  |
| d9v2+s42_mean | 0.8677 (0.557) / +0.029 | 0.7667 (0.576) / +0.006 |  |  |  |
| d9v2+s42_rank | 0.8750 (0.576) / +0.013 | 0.7733 (0.554) / +0.001 |  |  |  |
| d9v2+rv2_mean | 0.9277 (0.677) / +0.039 | 0.8164 (0.576) / +0.026 |  |  |  |
| d9v2+rv2_rank | 0.9260 (0.680) / +0.016 | 0.8150 (0.575) / +0.005 |  |  |  |

Lead (d): default window, 4-window mean, best single window chosen with the labels (by AUC, and by `hp_r`). AUC / hp_r.

| Reader | Crop | Default | 4-window mean | Best window by AUC | Best window by hp_r | Mean - default (AUC, hp_r) | Mean - best (AUC, hp_r) |
| --- | --- | --- | --- | --- | --- | --- | --- |
| ink_9um seed 42 | 0841-w00 | 0.8061 / +0.029 | 0.8427 / +0.030 | z8-27 0.8467 | z3-23 +0.032 | +0.0366, +0.001 | -0.0040, -0.002 |
| ink_9um seed 42 | 0841-ag896 | 0.6594 / -0.004 | 0.7221 / -0.004 | z0-20 0.7435 | z0-20 +0.008 | +0.0627, -0.001 | -0.0214, -0.012 |
| ink_9um soup42_last4 | 0841-w00 | 0.8326 / +0.032 | 0.8465 / +0.035 | z5-25 0.8581 | z3-23 +0.034 | +0.0139, +0.003 | -0.0116, +0.001 |
| ink_9um soup42_last4 | 0841-ag896 | 0.6723 / +0.000 | 0.7564 / +0.004 | z0-20 0.7397 | z0-20 +0.029 | +0.0841, +0.003 | +0.0167, -0.025 |
| d9v2 | 0841-w00 | 0.8994 / +0.015 | 0.9198 / +0.019 | z8-27 0.9280 | z3-23 +0.019 | +0.0204, +0.003 | -0.0082, -0.000 |
| d9v2 | 0841-ag896 | 0.8230 / +0.017 | 0.8317 / +0.017 | z5-25 0.8447 | z3-23 +0.021 | +0.0087, -0.000 | -0.0130, -0.004 |

Over 6 reader-crop cases on PHerc0841: default 0.7821 / +0.0150; 4-window mean 0.8199 / +0.0166; best window by AUC 0.8268; best window by hp_r +0.0238. hp_r: mean above default in 4 of 6, at or above the best window in 1 of 6.
#### 0841-ag896 done 2026-10-07T11:48:18Z
#### 0841-ag405 start 2026-10-07T11:48:18Z
0841-ag405 ink9um_s42 66 s
0841-ag405 d9v2 62 s
perm [0, 25, 2, 9, 3, 15, 16, 19, 26, 6, 7, 8, 21, 13, 24, 10, 11, 20, 17, 22, 4, 5, 18, 1, 27, 14, 12, 23]
