{
  "mode": "fast",
  "file_path": "/workspace/scrolls-env/production-speed-v2/large-input-review/public-inputs/ink-detection/PHerc0841-20260220213127-2.403um-0.22m-77keV-volume-20260319124803-20260417190342-new_canon_autoresearch_recipe-tile256-stride128.tif",
  "command": [
    "python",
    "-m",
    "kit",
    "rowscore",
    "/workspace/scrolls-env/production-speed-v2/large-input-review/public-inputs/ink-detection/PHerc0841-20260220213127-2.403um-0.22m-77keV-volume-20260319124803-20260417190342-new_canon_autoresearch_recipe-tile256-stride128.tif",
    "--voxel-um",
    "2.403",
    "--json",
    "--fast-resize"
  ],
  "whole_command_seconds_including_import_and_file_read": 5.667043256999932,
  "resize_seconds": [
    0.38171915099974285
  ],
  "peak_rss_bytes": 6535991296,
  "cpu_affinity": [
    0
  ],
  "score_record": {
    "voxel_um": 2.403,
    "forward": {
      "valid_px": 216957844,
      "largest_piece": true,
      "resize_mode": "sparse_area_float32",
      "resize_note": "Sparse cell overlaps match dense weights, but float32 accumulation and near-tied FFT peaks can differ.",
      "score": 36.1,
      "period_mm": 5.78,
      "angle_deg": -66.6,
      "mean_ink": 0.1286,
      "p99": 1.0,
      "frac_gt_half": 0.1254
    },
    "files": {
      "forward": [
        "/workspace/scrolls-env/production-speed-v2/large-input-review/public-inputs/ink-detection/PHerc0841-20260220213127-2.403um-0.22m-77keV-volume-20260319124803-20260417190342-new_canon_autoresearch_recipe-tile256-stride128.tif"
      ],
      "reverse": []
    },
    "fast_resize": true
  },
  "resized_shape": [
    4115,
    4640
  ],
  "resized_float_sha256": "56ba4f35429e2ed899cd45dd02d280dd47645984a43dd33adff07685ab7d6361",
  "notes": [
    "CLI invoked in-process with the exact command arguments; includes package import and file read.",
    "Timing excludes result hashing/array archival; a retained resize reference may increase later peak RSS."
  ]
}
