real_public_fixed_origin_4096 0.0 0 True {'dense': [0.525009971000145, 0.5195728580001742, 0.5210684909998236], 'sparse': [0.051192633000027854, 0.05578575100025773, 0.0550973339995835]}
bounded_positive_(64, 80) 5.960464477539063e-08 1 None {'dense': [0.00018591600019135512, 4.941400038660504e-05, 3.2587999157840386e-05], 'sparse': [0.0004792300005647121, 0.0001752299995132489, 0.00019764199987548636]}
signed_cancellation_(64, 80) 8796093022208.0 1 None {'dense': [4.900299973087385e-05, 4.317399998399196e-05, 0.00015731299936305732], 'sparse': [0.00018914999964181334, 0.00023554900053568417, 0.00019558999974833569]}
bounded_positive_(65, 83) 1.1920928955078125e-07 2 None {'dense': [6.28930001767003e-05, 4.6408999878622126e-05, 3.259799996158108e-05], 'sparse': [0.0003622860003815731, 0.0001628319996598293, 0.00494176900065213]}
signed_cancellation_(65, 83) 8796093022208.0 256 None {'dense': [5.583300026046345e-05, 4.503599939198466e-05, 3.214699972886592e-05], 'sparse': [0.0003217069997845101, 0.00016442300056951353, 0.0001645639995331294]}
bounded_positive_(640, 640) 0.0 0 None {'dense': [0.0034452230001988937, 0.002833147000274039, 0.002300868000020273], 'sparse': [0.0008221170000979328, 0.0009109190004892298, 0.0009743529999468592]}
signed_cancellation_(640, 640) 0.0 0 None {'dense': [0.014089286999478645, 0.0028641720000450732, 0.0022971320004216977], 'sparse': [0.0012400169998727506, 0.0006601280001632404, 0.0008917109998947126]}
bounded_positive_(639, 641) 1.1920928955078125e-07 3 None {'dense': [0.0032718160000513308, 0.003293898999800149, 0.003165377999721386], 'sparse': [0.0010285539992764825, 0.0007260960001076455, 0.0009614849996069097]}
signed_cancellation_(639, 641) 17592186044416.0 2790636593 None {'dense': [0.003494394999506767, 0.0031054800001584226, 0.0029159890000300948], 'sparse': [0.0009374179999213084, 0.0008696880004208651, 0.0009384699997099233]}
bounded_positive_(1024, 1024) 0.0 0 None {'dense': [0.013671839000380714, 0.010127194999768108, 0.0107291210006224], 'sparse': [0.0023017690000415314, 0.001979671999833954, 0.002359084000090661]}
signed_cancellation_(1024, 1024) 0.0 0 None {'dense': [0.011895437999555725, 0.010934735000773799, 0.00861670199992659], 'sparse': [0.0023489389996029786, 0.0029616760002681985, 0.0019043009997403715]}
random_probability 0.0 0 True {'dense': [0.010083023999868601, 0.010038078000434325, 0.008985126999505155], 'sparse': [0.0019810029998552636, 0.0017968410002140445, 0.0018945159999930183]}
quantized_ties 0.0 0 True {'dense': [0.009504908000053547, 0.009508572999948228, 0.009436366000045382], 'sparse': [0.002025589999902877, 0.0016122779998113401, 0.002121903000443126]}
two_close_fft_peaks 0.0 0 True {'dense': [0.009068530999684299, 0.008953892000135966, 0.008787915000539215], 'sparse': [0.0018900100003520492, 0.002092770000672317, 0.0018925029999081744]}
high_dynamic_clipped 0.0 0 True {'dense': [0.008930827999392932, 0.008796939000603743, 0.00870956099970499], 'sparse': [0.0018801350006469875, 0.001735340999402979, 0.0018542759999036207]}
near_clip_thresholds 0.0 0 True {'dense': [0.010615010999572405, 0.008888864999789803, 0.008994892999908188], 'sparse': [0.00268908299949544, 0.002178877000005741, 0.001891600999442744]}
nondivisible_random_(1023, 1025) 1.1920928955078125e-07 3 True {'dense': [0.008877968999513541, 0.008850717999848712, 0.009353983000437438], 'sparse': [0.001475005000429519, 0.0014074439995965804, 0.0015327999999499298]}
nondivisible_quantized_ties_(1023, 1025) 1.7881393432617188e-07 3 True {'dense': [0.008995633999802521, 0.009056734000296274, 0.00888168500023312], 'sparse': [0.0020636459994420875, 0.0013813059995300137, 0.0014987900003688992]}
symmetric_fft_tie_(1023, 1025) 1.7881393432617188e-07 3 True {'dense': [0.010240446999887354, 0.009486900999945647, 0.009078125000087311], 'sparse': [0.0015915769999992335, 0.0014823860001342837, 0.0015152739997574827]}
nondivisible_random_(1023, 1023) 1.1920928955078125e-07 3 True {'dense': [0.009397759000421502, 0.00937345300008019, 0.00937608700041892], 'sparse': [0.001979701999516692, 0.0013247720007711905, 0.0015395899999930407]}
nondivisible_quantized_ties_(1023, 1023) 1.7881393432617188e-07 3 True {'dense': [0.009719855999719584, 0.010268959000313771, 0.009107478999794694], 'sparse': [0.0017679689999567927, 0.001379383000312373, 0.0014896359998601838]}
symmetric_fft_tie_(1023, 1023) 1.1920928955078125e-07 3 True {'dense': [0.009104615000069316, 0.00887390299976687, 0.009903927999403095], 'sparse': [0.0014727110001331312, 0.001335236999693734, 0.001476286000070104]}
